 champ de vitesse non normalisé 
 Méthode des trapèzes composites pour delta = 8 dx 
 4⋅dx + y  4⋅dx + x              
    ⌠         ⌠                  
    ⎮         ⎮     u(x, y) dx dy
    ⌡         ⌡                  
-4⋅dx + y -4⋅dx + x              
─────────────────────────────────
                   2             
              64⋅dx              
4⋅u[i + 1, j + 1] + 4⋅u[i + 1, j + 2] + 4⋅u[i + 1, j + 3] + 2⋅u[i + 1, j + 4] + 4⋅u[i + 1, j - 1] + 4⋅u[i + 1, j - 2] + 4⋅u[i + 1, j - 3] + 2⋅u[i + 1,
 j - 4] + 4⋅u[i + 1, j] + 4⋅u[i + 2, j + 1] + 4⋅u[i + 2, j + 2] + 4⋅u[i + 2, j + 3] + 2⋅u[i + 2, j + 4] + 4⋅u[i + 2, j - 1] + 4⋅u[i + 2, j - 2] + 4⋅u[
i + 2, j - 3] + 2⋅u[i + 2, j - 4] + 4⋅u[i + 2, j] + 4⋅u[i + 3, j + 1] + 4⋅u[i + 3, j + 2] + 4⋅u[i + 3, j + 3] + 2⋅u[i + 3, j + 4] + 4⋅u[i + 3, j - 1] 
+ 4⋅u[i + 3, j - 2] + 4⋅u[i + 3, j - 3] + 2⋅u[i + 3, j - 4] + 4⋅u[i + 3, j] + 2⋅u[i + 4, j + 1] + 2⋅u[i + 4, j + 2] + 2⋅u[i + 4, j + 3] + u[i + 4, j +
 4] + 2⋅u[i + 4, j - 1] + 2⋅u[i + 4, j - 2] + 2⋅u[i + 4, j - 3] + u[i + 4, j - 4] + 2⋅u[i + 4, j] + 4⋅u[i - 1, j + 1] + 4⋅u[i - 1, j + 2] + 4⋅u[i - 1,
 j + 3] + 2⋅u[i - 1, j + 4] + 4⋅u[i - 1, j - 1] + 4⋅u[i - 1, j - 2] + 4⋅u[i - 1, j - 3] + 2⋅u[i - 1, j - 4] + 4⋅u[i - 1, j] + 4⋅u[i - 2, j + 1] + 4⋅u[
i - 2, j + 2] + 4⋅u[i - 2, j + 3] + 2⋅u[i - 2, j + 4] + 4⋅u[i - 2, j - 1] + 4⋅u[i - 2, j - 2] + 4⋅u[i - 2, j - 3] + 2⋅u[i - 2, j - 4] + 4⋅u[i - 2, j] 
+ 4⋅u[i - 3, j + 1] + 4⋅u[i - 3, j + 2] + 4⋅u[i - 3, j + 3] + 2⋅u[i - 3, j + 4] + 4⋅u[i - 3, j - 1] + 4⋅u[i - 3, j - 2] + 4⋅u[i - 3, j - 3] + 2⋅u[i - 
3, j - 4] + 4⋅u[i - 3, j] + 2⋅u[i - 4, j + 1] + 2⋅u[i - 4, j + 2] + 2⋅u[i - 4, j + 3] + u[i - 4, j + 4] + 2⋅u[i - 4, j - 1] + 2⋅u[i - 4, j - 2] + 2⋅u[
i - 4, j - 3] + u[i - 4, j - 4] + 2⋅u[i - 4, j] + 4⋅u[i, j + 1] + 4⋅u[i, j + 2] + 4⋅u[i, j + 3] + 2⋅u[i, j + 4] + 4⋅u[i, j - 1] + 4⋅u[i, j - 2] + 4⋅u[
i, j - 3] + 2⋅u[i, j - 4] + 4⋅u[i, j]
