 champ de vitesse non normalisé 
 Méthode des trapèzes composites pour delta = 8 dx 

Intégrale à évaluer en 3D
 4⋅dz + z  4⋅dy + y  4⋅dx + x                    
    ⌠         ⌠         ⌠                        
    ⎮         ⎮         ⎮     u(ξ, η, ζ) dξ dη dζ
    ⌡         ⌡         ⌡                        
-4⋅dz + z -4⋅dy + y -4⋅dx + x                    
─────────────────────────────────────────────────
                           3                     
                     512⋅dx                      
8⋅u[i + 1, j + 1, k + 1] + 8⋅u[i + 1, j + 1, k + 2] + 8⋅u[i + 1, j + 1, k + 3] + 4⋅u[i + 1, j + 1, k + 4] + 8⋅u[i + 1, j + 1, k - 1] + 8⋅u[i + 1, j + 1, k - 2] + 8
⋅u[i + 1, j + 1, k - 3] + 4⋅u[i + 1, j + 1, k - 4] + 8⋅u[i + 1, j + 1, k] + 8⋅u[i + 1, j + 2, k + 1] + 8⋅u[i + 1, j + 2, k + 2] + 8⋅u[i + 1, j + 2, k + 3] + 4⋅u[i 
+ 1, j + 2, k + 4] + 8⋅u[i + 1, j + 2, k - 1] + 8⋅u[i + 1, j + 2, k - 2] + 8⋅u[i + 1, j + 2, k - 3] + 4⋅u[i + 1, j + 2, k - 4] + 8⋅u[i + 1, j + 2, k] + 8⋅u[i + 1, 
j + 3, k + 1] + 8⋅u[i + 1, j + 3, k + 2] + 8⋅u[i + 1, j + 3, k + 3] + 4⋅u[i + 1, j + 3, k + 4] + 8⋅u[i + 1, j + 3, k - 1] + 8⋅u[i + 1, j + 3, k - 2] + 8⋅u[i + 1, j
 + 3, k - 3] + 4⋅u[i + 1, j + 3, k - 4] + 8⋅u[i + 1, j + 3, k] + 4⋅u[i + 1, j + 4, k + 1] + 4⋅u[i + 1, j + 4, k + 2] + 4⋅u[i + 1, j + 4, k + 3] + 2⋅u[i + 1, j + 4,
 k + 4] + 4⋅u[i + 1, j + 4, k - 1] + 4⋅u[i + 1, j + 4, k - 2] + 4⋅u[i + 1, j + 4, k - 3] + 2⋅u[i + 1, j + 4, k - 4] + 4⋅u[i + 1, j + 4, k] + 8⋅u[i + 1, j - 1, k + 
1] + 8⋅u[i + 1, j - 1, k + 2] + 8⋅u[i + 1, j - 1, k + 3] + 4⋅u[i + 1, j - 1, k + 4] + 8⋅u[i + 1, j - 1, k - 1] + 8⋅u[i + 1, j - 1, k - 2] + 8⋅u[i + 1, j - 1, k - 3
] + 4⋅u[i + 1, j - 1, k - 4] + 8⋅u[i + 1, j - 1, k] + 8⋅u[i + 1, j - 2, k + 1] + 8⋅u[i + 1, j - 2, k + 2] + 8⋅u[i + 1, j - 2, k + 3] + 4⋅u[i + 1, j - 2, k + 4] + 8
⋅u[i + 1, j - 2, k - 1] + 8⋅u[i + 1, j - 2, k - 2] + 8⋅u[i + 1, j - 2, k - 3] + 4⋅u[i + 1, j - 2, k - 4] + 8⋅u[i + 1, j - 2, k] + 8⋅u[i + 1, j - 3, k + 1] + 8⋅u[i 
+ 1, j - 3, k + 2] + 8⋅u[i + 1, j - 3, k + 3] + 4⋅u[i + 1, j - 3, k + 4] + 8⋅u[i + 1, j - 3, k - 1] + 8⋅u[i + 1, j - 3, k - 2] + 8⋅u[i + 1, j - 3, k - 3] + 4⋅u[i +
 1, j - 3, k - 4] + 8⋅u[i + 1, j - 3, k] + 4⋅u[i + 1, j - 4, k + 1] + 4⋅u[i + 1, j - 4, k + 2] + 4⋅u[i + 1, j - 4, k + 3] + 2⋅u[i + 1, j - 4, k + 4] + 4⋅u[i + 1, j
 - 4, k - 1] + 4⋅u[i + 1, j - 4, k - 2] + 4⋅u[i + 1, j - 4, k - 3] + 2⋅u[i + 1, j - 4, k - 4] + 4⋅u[i + 1, j - 4, k] + 8⋅u[i + 1, j, k + 1] + 8⋅u[i + 1, j, k + 2] 
+ 8⋅u[i + 1, j, k + 3] + 4⋅u[i + 1, j, k + 4] + 8⋅u[i + 1, j, k - 1] + 8⋅u[i + 1, j, k - 2] + 8⋅u[i + 1, j, k - 3] + 4⋅u[i + 1, j, k - 4] + 8⋅u[i + 1, j, k] + 8⋅u[
i + 2, j + 1, k + 1] + 8⋅u[i + 2, j + 1, k + 2] + 8⋅u[i + 2, j + 1, k + 3] + 4⋅u[i + 2, j + 1, k + 4] + 8⋅u[i + 2, j + 1, k - 1] + 8⋅u[i + 2, j + 1, k - 2] + 8⋅u[i
 + 2, j + 1, k - 3] + 4⋅u[i + 2, j + 1, k - 4] + 8⋅u[i + 2, j + 1, k] + 8⋅u[i + 2, j + 2, k + 1] + 8⋅u[i + 2, j + 2, k + 2] + 8⋅u[i + 2, j + 2, k + 3] + 4⋅u[i + 2,
 j + 2, k + 4] + 8⋅u[i + 2, j + 2, k - 1] + 8⋅u[i + 2, j + 2, k - 2] + 8⋅u[i + 2, j + 2, k - 3] + 4⋅u[i + 2, j + 2, k - 4] + 8⋅u[i + 2, j + 2, k] + 8⋅u[i + 2, j + 
3, k + 1] + 8⋅u[i + 2, j + 3, k + 2] + 8⋅u[i + 2, j + 3, k + 3] + 4⋅u[i + 2, j + 3, k + 4] + 8⋅u[i + 2, j + 3, k - 1] + 8⋅u[i + 2, j + 3, k - 2] + 8⋅u[i + 2, j + 3
, k - 3] + 4⋅u[i + 2, j + 3, k - 4] + 8⋅u[i + 2, j + 3, k] + 4⋅u[i + 2, j + 4, k + 1] + 4⋅u[i + 2, j + 4, k + 2] + 4⋅u[i + 2, j + 4, k + 3] + 2⋅u[i + 2, j + 4, k +
 4] + 4⋅u[i + 2, j + 4, k - 1] + 4⋅u[i + 2, j + 4, k - 2] + 4⋅u[i + 2, j + 4, k - 3] + 2⋅u[i + 2, j + 4, k - 4] + 4⋅u[i + 2, j + 4, k] + 8⋅u[i + 2, j - 1, k + 1] +
 8⋅u[i + 2, j - 1, k + 2] + 8⋅u[i + 2, j - 1, k + 3] + 4⋅u[i + 2, j - 1, k + 4] + 8⋅u[i + 2, j - 1, k - 1] + 8⋅u[i + 2, j - 1, k - 2] + 8⋅u[i + 2, j - 1, k - 3] + 
4⋅u[i + 2, j - 1, k - 4] + 8⋅u[i + 2, j - 1, k] + 8⋅u[i + 2, j - 2, k + 1] + 8⋅u[i + 2, j - 2, k + 2] + 8⋅u[i + 2, j - 2, k + 3] + 4⋅u[i + 2, j - 2, k + 4] + 8⋅u[i
 + 2, j - 2, k - 1] + 8⋅u[i + 2, j - 2, k - 2] + 8⋅u[i + 2, j - 2, k - 3] + 4⋅u[i + 2, j - 2, k - 4] + 8⋅u[i + 2, j - 2, k] + 8⋅u[i + 2, j - 3, k + 1] + 8⋅u[i + 2,
 j - 3, k + 2] + 8⋅u[i + 2, j - 3, k + 3] + 4⋅u[i + 2, j - 3, k + 4] + 8⋅u[i + 2, j - 3, k - 1] + 8⋅u[i + 2, j - 3, k - 2] + 8⋅u[i + 2, j - 3, k - 3] + 4⋅u[i + 2, 
j - 3, k - 4] + 8⋅u[i + 2, j - 3, k] + 4⋅u[i + 2, j - 4, k + 1] + 4⋅u[i + 2, j - 4, k + 2] + 4⋅u[i + 2, j - 4, k + 3] + 2⋅u[i + 2, j - 4, k + 4] + 4⋅u[i + 2, j - 4
, k - 1] + 4⋅u[i + 2, j - 4, k - 2] + 4⋅u[i + 2, j - 4, k - 3] + 2⋅u[i + 2, j - 4, k - 4] + 4⋅u[i + 2, j - 4, k] + 8⋅u[i + 2, j, k + 1] + 8⋅u[i + 2, j, k + 2] + 8⋅
u[i + 2, j, k + 3] + 4⋅u[i + 2, j, k + 4] + 8⋅u[i + 2, j, k - 1] + 8⋅u[i + 2, j, k - 2] + 8⋅u[i + 2, j, k - 3] + 4⋅u[i + 2, j, k - 4] + 8⋅u[i + 2, j, k] + 8⋅u[i + 
3, j + 1, k + 1] + 8⋅u[i + 3, j + 1, k + 2] + 8⋅u[i + 3, j + 1, k + 3] + 4⋅u[i + 3, j + 1, k + 4] + 8⋅u[i + 3, j + 1, k - 1] + 8⋅u[i + 3, j + 1, k - 2] + 8⋅u[i + 3
, j + 1, k - 3] + 4⋅u[i + 3, j + 1, k - 4] + 8⋅u[i + 3, j + 1, k] + 8⋅u[i + 3, j + 2, k + 1] + 8⋅u[i + 3, j + 2, k + 2] + 8⋅u[i + 3, j + 2, k + 3] + 4⋅u[i + 3, j +
 2, k + 4] + 8⋅u[i + 3, j + 2, k - 1] + 8⋅u[i + 3, j + 2, k - 2] + 8⋅u[i + 3, j + 2, k - 3] + 4⋅u[i + 3, j + 2, k - 4] + 8⋅u[i + 3, j + 2, k] + 8⋅u[i + 3, j + 3, k
 + 1] + 8⋅u[i + 3, j + 3, k + 2] + 8⋅u[i + 3, j + 3, k + 3] + 4⋅u[i + 3, j + 3, k + 4] + 8⋅u[i + 3, j + 3, k - 1] + 8⋅u[i + 3, j + 3, k - 2] + 8⋅u[i + 3, j + 3, k 
- 3] + 4⋅u[i + 3, j + 3, k - 4] + 8⋅u[i + 3, j + 3, k] + 4⋅u[i + 3, j + 4, k + 1] + 4⋅u[i + 3, j + 4, k + 2] + 4⋅u[i + 3, j + 4, k + 3] + 2⋅u[i + 3, j + 4, k + 4] 
+ 4⋅u[i + 3, j + 4, k - 1] + 4⋅u[i + 3, j + 4, k - 2] + 4⋅u[i + 3, j + 4, k - 3] + 2⋅u[i + 3, j + 4, k - 4] + 4⋅u[i + 3, j + 4, k] + 8⋅u[i + 3, j - 1, k + 1] + 8⋅u
[i + 3, j - 1, k + 2] + 8⋅u[i + 3, j - 1, k + 3] + 4⋅u[i + 3, j - 1, k + 4] + 8⋅u[i + 3, j - 1, k - 1] + 8⋅u[i + 3, j - 1, k - 2] + 8⋅u[i + 3, j - 1, k - 3] + 4⋅u[
i + 3, j - 1, k - 4] + 8⋅u[i + 3, j - 1, k] + 8⋅u[i + 3, j - 2, k + 1] + 8⋅u[i + 3, j - 2, k + 2] + 8⋅u[i + 3, j - 2, k + 3] + 4⋅u[i + 3, j - 2, k + 4] + 8⋅u[i + 3
, j - 2, k - 1] + 8⋅u[i + 3, j - 2, k - 2] + 8⋅u[i + 3, j - 2, k - 3] + 4⋅u[i + 3, j - 2, k - 4] + 8⋅u[i + 3, j - 2, k] + 8⋅u[i + 3, j - 3, k + 1] + 8⋅u[i + 3, j -
 3, k + 2] + 8⋅u[i + 3, j - 3, k + 3] + 4⋅u[i + 3, j - 3, k + 4] + 8⋅u[i + 3, j - 3, k - 1] + 8⋅u[i + 3, j - 3, k - 2] + 8⋅u[i + 3, j - 3, k - 3] + 4⋅u[i + 3, j - 
3, k - 4] + 8⋅u[i + 3, j - 3, k] + 4⋅u[i + 3, j - 4, k + 1] + 4⋅u[i + 3, j - 4, k + 2] + 4⋅u[i + 3, j - 4, k + 3] + 2⋅u[i + 3, j - 4, k + 4] + 4⋅u[i + 3, j - 4, k 
- 1] + 4⋅u[i + 3, j - 4, k - 2] + 4⋅u[i + 3, j - 4, k - 3] + 2⋅u[i + 3, j - 4, k - 4] + 4⋅u[i + 3, j - 4, k] + 8⋅u[i + 3, j, k + 1] + 8⋅u[i + 3, j, k + 2] + 8⋅u[i 
+ 3, j, k + 3] + 4⋅u[i + 3, j, k + 4] + 8⋅u[i + 3, j, k - 1] + 8⋅u[i + 3, j, k - 2] + 8⋅u[i + 3, j, k - 3] + 4⋅u[i + 3, j, k - 4] + 8⋅u[i + 3, j, k] + 4⋅u[i + 4, j
 + 1, k + 1] + 4⋅u[i + 4, j + 1, k + 2] + 4⋅u[i + 4, j + 1, k + 3] + 2⋅u[i + 4, j + 1, k + 4] + 4⋅u[i + 4, j + 1, k - 1] + 4⋅u[i + 4, j + 1, k - 2] + 4⋅u[i + 4, j 
+ 1, k - 3] + 2⋅u[i + 4, j + 1, k - 4] + 4⋅u[i + 4, j + 1, k] + 4⋅u[i + 4, j + 2, k + 1] + 4⋅u[i + 4, j + 2, k + 2] + 4⋅u[i + 4, j + 2, k + 3] + 2⋅u[i + 4, j + 2, 
k + 4] + 4⋅u[i + 4, j + 2, k - 1] + 4⋅u[i + 4, j + 2, k - 2] + 4⋅u[i + 4, j + 2, k - 3] + 2⋅u[i + 4, j + 2, k - 4] + 4⋅u[i + 4, j + 2, k] + 4⋅u[i + 4, j + 3, k + 1
] + 4⋅u[i + 4, j + 3, k + 2] + 4⋅u[i + 4, j + 3, k + 3] + 2⋅u[i + 4, j + 3, k + 4] + 4⋅u[i + 4, j + 3, k - 1] + 4⋅u[i + 4, j + 3, k - 2] + 4⋅u[i + 4, j + 3, k - 3]
 + 2⋅u[i + 4, j + 3, k - 4] + 4⋅u[i + 4, j + 3, k] + 2⋅u[i + 4, j + 4, k + 1] + 2⋅u[i + 4, j + 4, k + 2] + 2⋅u[i + 4, j + 4, k + 3] + u[i + 4, j + 4, k + 4] + 2⋅u[
i + 4, j + 4, k - 1] + 2⋅u[i + 4, j + 4, k - 2] + 2⋅u[i + 4, j + 4, k - 3] + u[i + 4, j + 4, k - 4] + 2⋅u[i + 4, j + 4, k] + 4⋅u[i + 4, j - 1, k + 1] + 4⋅u[i + 4, 
j - 1, k + 2] + 4⋅u[i + 4, j - 1, k + 3] + 2⋅u[i + 4, j - 1, k + 4] + 4⋅u[i + 4, j - 1, k - 1] + 4⋅u[i + 4, j - 1, k - 2] + 4⋅u[i + 4, j - 1, k - 3] + 2⋅u[i + 4, j
 - 1, k - 4] + 4⋅u[i + 4, j - 1, k] + 4⋅u[i + 4, j - 2, k + 1] + 4⋅u[i + 4, j - 2, k + 2] + 4⋅u[i + 4, j - 2, k + 3] + 2⋅u[i + 4, j - 2, k + 4] + 4⋅u[i + 4, j - 2,
 k - 1] + 4⋅u[i + 4, j - 2, k - 2] + 4⋅u[i + 4, j - 2, k - 3] + 2⋅u[i + 4, j - 2, k - 4] + 4⋅u[i + 4, j - 2, k] + 4⋅u[i + 4, j - 3, k + 1] + 4⋅u[i + 4, j - 3, k + 
2] + 4⋅u[i + 4, j - 3, k + 3] + 2⋅u[i + 4, j - 3, k + 4] + 4⋅u[i + 4, j - 3, k - 1] + 4⋅u[i + 4, j - 3, k - 2] + 4⋅u[i + 4, j - 3, k - 3] + 2⋅u[i + 4, j - 3, k - 4
] + 4⋅u[i + 4, j - 3, k] + 2⋅u[i + 4, j - 4, k + 1] + 2⋅u[i + 4, j - 4, k + 2] + 2⋅u[i + 4, j - 4, k + 3] + u[i + 4, j - 4, k + 4] + 2⋅u[i + 4, j - 4, k - 1] + 2⋅u
[i + 4, j - 4, k - 2] + 2⋅u[i + 4, j - 4, k - 3] + u[i + 4, j - 4, k - 4] + 2⋅u[i + 4, j - 4, k] + 4⋅u[i + 4, j, k + 1] + 4⋅u[i + 4, j, k + 2] + 4⋅u[i + 4, j, k + 
3] + 2⋅u[i + 4, j, k + 4] + 4⋅u[i + 4, j, k - 1] + 4⋅u[i + 4, j, k - 2] + 4⋅u[i + 4, j, k - 3] + 2⋅u[i + 4, j, k - 4] + 4⋅u[i + 4, j, k] + 8⋅u[i - 1, j + 1, k + 1]
 + 8⋅u[i - 1, j + 1, k + 2] + 8⋅u[i - 1, j + 1, k + 3] + 4⋅u[i - 1, j + 1, k + 4] + 8⋅u[i - 1, j + 1, k - 1] + 8⋅u[i - 1, j + 1, k - 2] + 8⋅u[i - 1, j + 1, k - 3] 
+ 4⋅u[i - 1, j + 1, k - 4] + 8⋅u[i - 1, j + 1, k] + 8⋅u[i - 1, j + 2, k + 1] + 8⋅u[i - 1, j + 2, k + 2] + 8⋅u[i - 1, j + 2, k + 3] + 4⋅u[i - 1, j + 2, k + 4] + 8⋅u
[i - 1, j + 2, k - 1] + 8⋅u[i - 1, j + 2, k - 2] + 8⋅u[i - 1, j + 2, k - 3] + 4⋅u[i - 1, j + 2, k - 4] + 8⋅u[i - 1, j + 2, k] + 8⋅u[i - 1, j + 3, k + 1] + 8⋅u[i - 
1, j + 3, k + 2] + 8⋅u[i - 1, j + 3, k + 3] + 4⋅u[i - 1, j + 3, k + 4] + 8⋅u[i - 1, j + 3, k - 1] + 8⋅u[i - 1, j + 3, k - 2] + 8⋅u[i - 1, j + 3, k - 3] + 4⋅u[i - 1
, j + 3, k - 4] + 8⋅u[i - 1, j + 3, k] + 4⋅u[i - 1, j + 4, k + 1] + 4⋅u[i - 1, j + 4, k + 2] + 4⋅u[i - 1, j + 4, k + 3] + 2⋅u[i - 1, j + 4, k + 4] + 4⋅u[i - 1, j +
 4, k - 1] + 4⋅u[i - 1, j + 4, k - 2] + 4⋅u[i - 1, j + 4, k - 3] + 2⋅u[i - 1, j + 4, k - 4] + 4⋅u[i - 1, j + 4, k] + 8⋅u[i - 1, j - 1, k + 1] + 8⋅u[i - 1, j - 1, k
 + 2] + 8⋅u[i - 1, j - 1, k + 3] + 4⋅u[i - 1, j - 1, k + 4] + 8⋅u[i - 1, j - 1, k - 1] + 8⋅u[i - 1, j - 1, k - 2] + 8⋅u[i - 1, j - 1, k - 3] + 4⋅u[i - 1, j - 1, k 
- 4] + 8⋅u[i - 1, j - 1, k] + 8⋅u[i - 1, j - 2, k + 1] + 8⋅u[i - 1, j - 2, k + 2] + 8⋅u[i - 1, j - 2, k + 3] + 4⋅u[i - 1, j - 2, k + 4] + 8⋅u[i - 1, j - 2, k - 1] 
+ 8⋅u[i - 1, j - 2, k - 2] + 8⋅u[i - 1, j - 2, k - 3] + 4⋅u[i - 1, j - 2, k - 4] + 8⋅u[i - 1, j - 2, k] + 8⋅u[i - 1, j - 3, k + 1] + 8⋅u[i - 1, j - 3, k + 2] + 8⋅u
[i - 1, j - 3, k + 3] + 4⋅u[i - 1, j - 3, k + 4] + 8⋅u[i - 1, j - 3, k - 1] + 8⋅u[i - 1, j - 3, k - 2] + 8⋅u[i - 1, j - 3, k - 3] + 4⋅u[i - 1, j - 3, k - 4] + 8⋅u[
i - 1, j - 3, k] + 4⋅u[i - 1, j - 4, k + 1] + 4⋅u[i - 1, j - 4, k + 2] + 4⋅u[i - 1, j - 4, k + 3] + 2⋅u[i - 1, j - 4, k + 4] + 4⋅u[i - 1, j - 4, k - 1] + 4⋅u[i - 1
, j - 4, k - 2] + 4⋅u[i - 1, j - 4, k - 3] + 2⋅u[i - 1, j - 4, k - 4] + 4⋅u[i - 1, j - 4, k] + 8⋅u[i - 1, j, k + 1] + 8⋅u[i - 1, j, k + 2] + 8⋅u[i - 1, j, k + 3] +
 4⋅u[i - 1, j, k + 4] + 8⋅u[i - 1, j, k - 1] + 8⋅u[i - 1, j, k - 2] + 8⋅u[i - 1, j, k - 3] + 4⋅u[i - 1, j, k - 4] + 8⋅u[i - 1, j, k] + 8⋅u[i - 2, j + 1, k + 1] + 8
⋅u[i - 2, j + 1, k + 2] + 8⋅u[i - 2, j + 1, k + 3] + 4⋅u[i - 2, j + 1, k + 4] + 8⋅u[i - 2, j + 1, k - 1] + 8⋅u[i - 2, j + 1, k - 2] + 8⋅u[i - 2, j + 1, k - 3] + 4⋅
u[i - 2, j + 1, k - 4] + 8⋅u[i - 2, j + 1, k] + 8⋅u[i - 2, j + 2, k + 1] + 8⋅u[i - 2, j + 2, k + 2] + 8⋅u[i - 2, j + 2, k + 3] + 4⋅u[i - 2, j + 2, k + 4] + 8⋅u[i -
 2, j + 2, k - 1] + 8⋅u[i - 2, j + 2, k - 2] + 8⋅u[i - 2, j + 2, k - 3] + 4⋅u[i - 2, j + 2, k - 4] + 8⋅u[i - 2, j + 2, k] + 8⋅u[i - 2, j + 3, k + 1] + 8⋅u[i - 2, j
 + 3, k + 2] + 8⋅u[i - 2, j + 3, k + 3] + 4⋅u[i - 2, j + 3, k + 4] + 8⋅u[i - 2, j + 3, k - 1] + 8⋅u[i - 2, j + 3, k - 2] + 8⋅u[i - 2, j + 3, k - 3] + 4⋅u[i - 2, j 
+ 3, k - 4] + 8⋅u[i - 2, j + 3, k] + 4⋅u[i - 2, j + 4, k + 1] + 4⋅u[i - 2, j + 4, k + 2] + 4⋅u[i - 2, j + 4, k + 3] + 2⋅u[i - 2, j + 4, k + 4] + 4⋅u[i - 2, j + 4, 
k - 1] + 4⋅u[i - 2, j + 4, k - 2] + 4⋅u[i - 2, j + 4, k - 3] + 2⋅u[i - 2, j + 4, k - 4] + 4⋅u[i - 2, j + 4, k] + 8⋅u[i - 2, j - 1, k + 1] + 8⋅u[i - 2, j - 1, k + 2
] + 8⋅u[i - 2, j - 1, k + 3] + 4⋅u[i - 2, j - 1, k + 4] + 8⋅u[i - 2, j - 1, k - 1] + 8⋅u[i - 2, j - 1, k - 2] + 8⋅u[i - 2, j - 1, k - 3] + 4⋅u[i - 2, j - 1, k - 4]
 + 8⋅u[i - 2, j - 1, k] + 8⋅u[i - 2, j - 2, k + 1] + 8⋅u[i - 2, j - 2, k + 2] + 8⋅u[i - 2, j - 2, k + 3] + 4⋅u[i - 2, j - 2, k + 4] + 8⋅u[i - 2, j - 2, k - 1] + 8⋅
u[i - 2, j - 2, k - 2] + 8⋅u[i - 2, j - 2, k - 3] + 4⋅u[i - 2, j - 2, k - 4] + 8⋅u[i - 2, j - 2, k] + 8⋅u[i - 2, j - 3, k + 1] + 8⋅u[i - 2, j - 3, k + 2] + 8⋅u[i -
 2, j - 3, k + 3] + 4⋅u[i - 2, j - 3, k + 4] + 8⋅u[i - 2, j - 3, k - 1] + 8⋅u[i - 2, j - 3, k - 2] + 8⋅u[i - 2, j - 3, k - 3] + 4⋅u[i - 2, j - 3, k - 4] + 8⋅u[i - 
2, j - 3, k] + 4⋅u[i - 2, j - 4, k + 1] + 4⋅u[i - 2, j - 4, k + 2] + 4⋅u[i - 2, j - 4, k + 3] + 2⋅u[i - 2, j - 4, k + 4] + 4⋅u[i - 2, j - 4, k - 1] + 4⋅u[i - 2, j 
- 4, k - 2] + 4⋅u[i - 2, j - 4, k - 3] + 2⋅u[i - 2, j - 4, k - 4] + 4⋅u[i - 2, j - 4, k] + 8⋅u[i - 2, j, k + 1] + 8⋅u[i - 2, j, k + 2] + 8⋅u[i - 2, j, k + 3] + 4⋅u
[i - 2, j, k + 4] + 8⋅u[i - 2, j, k - 1] + 8⋅u[i - 2, j, k - 2] + 8⋅u[i - 2, j, k - 3] + 4⋅u[i - 2, j, k - 4] + 8⋅u[i - 2, j, k] + 8⋅u[i - 3, j + 1, k + 1] + 8⋅u[i
 - 3, j + 1, k + 2] + 8⋅u[i - 3, j + 1, k + 3] + 4⋅u[i - 3, j + 1, k + 4] + 8⋅u[i - 3, j + 1, k - 1] + 8⋅u[i - 3, j + 1, k - 2] + 8⋅u[i - 3, j + 1, k - 3] + 4⋅u[i 
- 3, j + 1, k - 4] + 8⋅u[i - 3, j + 1, k] + 8⋅u[i - 3, j + 2, k + 1] + 8⋅u[i - 3, j + 2, k + 2] + 8⋅u[i - 3, j + 2, k + 3] + 4⋅u[i - 3, j + 2, k + 4] + 8⋅u[i - 3, 
j + 2, k - 1] + 8⋅u[i - 3, j + 2, k - 2] + 8⋅u[i - 3, j + 2, k - 3] + 4⋅u[i - 3, j + 2, k - 4] + 8⋅u[i - 3, j + 2, k] + 8⋅u[i - 3, j + 3, k + 1] + 8⋅u[i - 3, j + 3
, k + 2] + 8⋅u[i - 3, j + 3, k + 3] + 4⋅u[i - 3, j + 3, k + 4] + 8⋅u[i - 3, j + 3, k - 1] + 8⋅u[i - 3, j + 3, k - 2] + 8⋅u[i - 3, j + 3, k - 3] + 4⋅u[i - 3, j + 3,
 k - 4] + 8⋅u[i - 3, j + 3, k] + 4⋅u[i - 3, j + 4, k + 1] + 4⋅u[i - 3, j + 4, k + 2] + 4⋅u[i - 3, j + 4, k + 3] + 2⋅u[i - 3, j + 4, k + 4] + 4⋅u[i - 3, j + 4, k - 
1] + 4⋅u[i - 3, j + 4, k - 2] + 4⋅u[i - 3, j + 4, k - 3] + 2⋅u[i - 3, j + 4, k - 4] + 4⋅u[i - 3, j + 4, k] + 8⋅u[i - 3, j - 1, k + 1] + 8⋅u[i - 3, j - 1, k + 2] + 
8⋅u[i - 3, j - 1, k + 3] + 4⋅u[i - 3, j - 1, k + 4] + 8⋅u[i - 3, j - 1, k - 1] + 8⋅u[i - 3, j - 1, k - 2] + 8⋅u[i - 3, j - 1, k - 3] + 4⋅u[i - 3, j - 1, k - 4] + 8
⋅u[i - 3, j - 1, k] + 8⋅u[i - 3, j - 2, k + 1] + 8⋅u[i - 3, j - 2, k + 2] + 8⋅u[i - 3, j - 2, k + 3] + 4⋅u[i - 3, j - 2, k + 4] + 8⋅u[i - 3, j - 2, k - 1] + 8⋅u[i 
- 3, j - 2, k - 2] + 8⋅u[i - 3, j - 2, k - 3] + 4⋅u[i - 3, j - 2, k - 4] + 8⋅u[i - 3, j - 2, k] + 8⋅u[i - 3, j - 3, k + 1] + 8⋅u[i - 3, j - 3, k + 2] + 8⋅u[i - 3, 
j - 3, k + 3] + 4⋅u[i - 3, j - 3, k + 4] + 8⋅u[i - 3, j - 3, k - 1] + 8⋅u[i - 3, j - 3, k - 2] + 8⋅u[i - 3, j - 3, k - 3] + 4⋅u[i - 3, j - 3, k - 4] + 8⋅u[i - 3, j
 - 3, k] + 4⋅u[i - 3, j - 4, k + 1] + 4⋅u[i - 3, j - 4, k + 2] + 4⋅u[i - 3, j - 4, k + 3] + 2⋅u[i - 3, j - 4, k + 4] + 4⋅u[i - 3, j - 4, k - 1] + 4⋅u[i - 3, j - 4,
 k - 2] + 4⋅u[i - 3, j - 4, k - 3] + 2⋅u[i - 3, j - 4, k - 4] + 4⋅u[i - 3, j - 4, k] + 8⋅u[i - 3, j, k + 1] + 8⋅u[i - 3, j, k + 2] + 8⋅u[i - 3, j, k + 3] + 4⋅u[i -
 3, j, k + 4] + 8⋅u[i - 3, j, k - 1] + 8⋅u[i - 3, j, k - 2] + 8⋅u[i - 3, j, k - 3] + 4⋅u[i - 3, j, k - 4] + 8⋅u[i - 3, j, k] + 4⋅u[i - 4, j + 1, k + 1] + 4⋅u[i - 4
, j + 1, k + 2] + 4⋅u[i - 4, j + 1, k + 3] + 2⋅u[i - 4, j + 1, k + 4] + 4⋅u[i - 4, j + 1, k - 1] + 4⋅u[i - 4, j + 1, k - 2] + 4⋅u[i - 4, j + 1, k - 3] + 2⋅u[i - 4,
 j + 1, k - 4] + 4⋅u[i - 4, j + 1, k] + 4⋅u[i - 4, j + 2, k + 1] + 4⋅u[i - 4, j + 2, k + 2] + 4⋅u[i - 4, j + 2, k + 3] + 2⋅u[i - 4, j + 2, k + 4] + 4⋅u[i - 4, j + 
2, k - 1] + 4⋅u[i - 4, j + 2, k - 2] + 4⋅u[i - 4, j + 2, k - 3] + 2⋅u[i - 4, j + 2, k - 4] + 4⋅u[i - 4, j + 2, k] + 4⋅u[i - 4, j + 3, k + 1] + 4⋅u[i - 4, j + 3, k 
+ 2] + 4⋅u[i - 4, j + 3, k + 3] + 2⋅u[i - 4, j + 3, k + 4] + 4⋅u[i - 4, j + 3, k - 1] + 4⋅u[i - 4, j + 3, k - 2] + 4⋅u[i - 4, j + 3, k - 3] + 2⋅u[i - 4, j + 3, k -
 4] + 4⋅u[i - 4, j + 3, k] + 2⋅u[i - 4, j + 4, k + 1] + 2⋅u[i - 4, j + 4, k + 2] + 2⋅u[i - 4, j + 4, k + 3] + u[i - 4, j + 4, k + 4] + 2⋅u[i - 4, j + 4, k - 1] + 2
⋅u[i - 4, j + 4, k - 2] + 2⋅u[i - 4, j + 4, k - 3] + u[i - 4, j + 4, k - 4] + 2⋅u[i - 4, j + 4, k] + 4⋅u[i - 4, j - 1, k + 1] + 4⋅u[i - 4, j - 1, k + 2] + 4⋅u[i - 
4, j - 1, k + 3] + 2⋅u[i - 4, j - 1, k + 4] + 4⋅u[i - 4, j - 1, k - 1] + 4⋅u[i - 4, j - 1, k - 2] + 4⋅u[i - 4, j - 1, k - 3] + 2⋅u[i - 4, j - 1, k - 4] + 4⋅u[i - 4
, j - 1, k] + 4⋅u[i - 4, j - 2, k + 1] + 4⋅u[i - 4, j - 2, k + 2] + 4⋅u[i - 4, j - 2, k + 3] + 2⋅u[i - 4, j - 2, k + 4] + 4⋅u[i - 4, j - 2, k - 1] + 4⋅u[i - 4, j -
 2, k - 2] + 4⋅u[i - 4, j - 2, k - 3] + 2⋅u[i - 4, j - 2, k - 4] + 4⋅u[i - 4, j - 2, k] + 4⋅u[i - 4, j - 3, k + 1] + 4⋅u[i - 4, j - 3, k + 2] + 4⋅u[i - 4, j - 3, k
 + 3] + 2⋅u[i - 4, j - 3, k + 4] + 4⋅u[i - 4, j - 3, k - 1] + 4⋅u[i - 4, j - 3, k - 2] + 4⋅u[i - 4, j - 3, k - 3] + 2⋅u[i - 4, j - 3, k - 4] + 4⋅u[i - 4, j - 3, k]
 + 2⋅u[i - 4, j - 4, k + 1] + 2⋅u[i - 4, j - 4, k + 2] + 2⋅u[i - 4, j - 4, k + 3] + u[i - 4, j - 4, k + 4] + 2⋅u[i - 4, j - 4, k - 1] + 2⋅u[i - 4, j - 4, k - 2] + 
2⋅u[i - 4, j - 4, k - 3] + u[i - 4, j - 4, k - 4] + 2⋅u[i - 4, j - 4, k] + 4⋅u[i - 4, j, k + 1] + 4⋅u[i - 4, j, k + 2] + 4⋅u[i - 4, j, k + 3] + 2⋅u[i - 4, j, k + 4
] + 4⋅u[i - 4, j, k - 1] + 4⋅u[i - 4, j, k - 2] + 4⋅u[i - 4, j, k - 3] + 2⋅u[i - 4, j, k - 4] + 4⋅u[i - 4, j, k] + 8⋅u[i, j + 1, k + 1] + 8⋅u[i, j + 1, k + 2] + 8⋅
u[i, j + 1, k + 3] + 4⋅u[i, j + 1, k + 4] + 8⋅u[i, j + 1, k - 1] + 8⋅u[i, j + 1, k - 2] + 8⋅u[i, j + 1, k - 3] + 4⋅u[i, j + 1, k - 4] + 8⋅u[i, j + 1, k] + 8⋅u[i, j
 + 2, k + 1] + 8⋅u[i, j + 2, k + 2] + 8⋅u[i, j + 2, k + 3] + 4⋅u[i, j + 2, k + 4] + 8⋅u[i, j + 2, k - 1] + 8⋅u[i, j + 2, k - 2] + 8⋅u[i, j + 2, k - 3] + 4⋅u[i, j +
 2, k - 4] + 8⋅u[i, j + 2, k] + 8⋅u[i, j + 3, k + 1] + 8⋅u[i, j + 3, k + 2] + 8⋅u[i, j + 3, k + 3] + 4⋅u[i, j + 3, k + 4] + 8⋅u[i, j + 3, k - 1] + 8⋅u[i, j + 3, k 
- 2] + 8⋅u[i, j + 3, k - 3] + 4⋅u[i, j + 3, k - 4] + 8⋅u[i, j + 3, k] + 4⋅u[i, j + 4, k + 1] + 4⋅u[i, j + 4, k + 2] + 4⋅u[i, j + 4, k + 3] + 2⋅u[i, j + 4, k + 4] +
 4⋅u[i, j + 4, k - 1] + 4⋅u[i, j + 4, k - 2] + 4⋅u[i, j + 4, k - 3] + 2⋅u[i, j + 4, k - 4] + 4⋅u[i, j + 4, k] + 8⋅u[i, j - 1, k + 1] + 8⋅u[i, j - 1, k + 2] + 8⋅u[i
, j - 1, k + 3] + 4⋅u[i, j - 1, k + 4] + 8⋅u[i, j - 1, k - 1] + 8⋅u[i, j - 1, k - 2] + 8⋅u[i, j - 1, k - 3] + 4⋅u[i, j - 1, k - 4] + 8⋅u[i, j - 1, k] + 8⋅u[i, j - 
2, k + 1] + 8⋅u[i, j - 2, k + 2] + 8⋅u[i, j - 2, k + 3] + 4⋅u[i, j - 2, k + 4] + 8⋅u[i, j - 2, k - 1] + 8⋅u[i, j - 2, k - 2] + 8⋅u[i, j - 2, k - 3] + 4⋅u[i, j - 2,
 k - 4] + 8⋅u[i, j - 2, k] + 8⋅u[i, j - 3, k + 1] + 8⋅u[i, j - 3, k + 2] + 8⋅u[i, j - 3, k + 3] + 4⋅u[i, j - 3, k + 4] + 8⋅u[i, j - 3, k - 1] + 8⋅u[i, j - 3, k - 2
] + 8⋅u[i, j - 3, k - 3] + 4⋅u[i, j - 3, k - 4] + 8⋅u[i, j - 3, k] + 4⋅u[i, j - 4, k + 1] + 4⋅u[i, j - 4, k + 2] + 4⋅u[i, j - 4, k + 3] + 2⋅u[i, j - 4, k + 4] + 4⋅
u[i, j - 4, k - 1] + 4⋅u[i, j - 4, k - 2] + 4⋅u[i, j - 4, k - 3] + 2⋅u[i, j - 4, k - 4] + 4⋅u[i, j - 4, k] + 8⋅u[i, j, k + 1] + 8⋅u[i, j, k + 2] + 8⋅u[i, j, k + 3]
 + 4⋅u[i, j, k + 4] + 8⋅u[i, j, k - 1] + 8⋅u[i, j, k - 2] + 8⋅u[i, j, k - 3] + 4⋅u[i, j, k - 4] + 8⋅u[i, j, k]
